Collecting gemmi
  Using cached gemmi-0.7.5-cp313-cp313-macosx_11_0_arm64.whl.metadata (2.3 kB)
Collecting rdkit
  Using cached rdkit-2026.3.6-cp313-cp313-macosx_11_0_arm64.whl.metadata (3.8 kB)
Collecting meeko
  Using cached meeko-0.8.0-py3-none-any.whl.metadata (3.8 kB)
Collecting numpy (from rdkit)
  Using cached numpy-2.5.3-cp313-cp313-macosx_14_0_arm64.whl.metadata (6.6 kB)
Collecting Pillow (from rdkit)
  Using cached pillow-12.3.0-cp313-cp313-macosx_11_0_arm64.whl.metadata (9.1 kB)
Downloading gemmi-0.7.5-cp313-cp313-macosx_11_0_arm64.whl (2.7 MB)
   ━━━━━━━━━━━━━━━━━━━━━━━━━━━━━━━━━━━━━━━━ 2.7/2.7 MB 35.9 MB/s  0:00:00
Downloading rdkit-2026.3.6-cp313-cp313-macosx_11_0_arm64.whl (30.3 MB)
   ━━━━━━━━━━━━━━━━━━━━━━━━━━━━━━━━━━━━━━━━ 30.3/30.3 MB 52.9 MB/s  0:00:00
Downloading meeko-0.8.0-py3-none-any.whl (1.4 MB)
   ━━━━━━━━━━━━━━━━━━━━━━━━━━━━━━━━━━━━━━━━ 1.4/1.4 MB 35.3 MB/s  0:00:00
Using cached numpy-2.5.3-cp313-cp313-macosx_14_0_arm64.whl (5.4 MB)
Using cached pillow-12.3.0-cp313-cp313-macosx_11_0_arm64.whl (4.8 MB)
Installing collected packages: meeko, Pillow, numpy, gemmi, rdkit

Successfully installed Pillow-12.3.0 gemmi-0.7.5 meeko-0.8.0 numpy-2.5.3 rdkit-2026.3.6
