AutoDock Vina v1.2.7
#################################################################
# If you used AutoDock Vina in your work, please cite:          #
#                                                               #
# J. Eberhardt, D. Santos-Martins, A. F. Tillack, and S. Forli  #
# AutoDock Vina 1.2.0: New Docking Methods, Expanded Force      #
# Field, and Python Bindings, J. Chem. Inf. Model. (2021)       #
# DOI 10.1021/acs.jcim.1c00203                                  #
#                                                               #
# O. Trott, A. J. Olson,                                        #
# AutoDock Vina: improving the speed and accuracy of docking    #
# with a new scoring function, efficient optimization and       #
# multithreading, J. Comp. Chem. (2010)                         #
# DOI 10.1002/jcc.21334                                         #
#                                                               #
# Please see https://github.com/ccsb-scripps/AutoDock-Vina for  #
# more information.                                             #
#################################################################

Scoring function : vina
Rigid receptor: <repo>/research/experiments/exp-002/derived/receptor_3tdc_assembly2.pdbqt
Ligand: <repo>/research/experiments/exp-002/derived/pdbqt/native_0EU.pdbqt
Grid center: X 36.237 Y 63.819 Z 50.773
Grid size  : X 18.552 Y 22.095 Z 23.399
Grid space : 0.375
Exhaustiveness: 8
CPU: 4
Verbosity: 1

Computing Vina grid ... done.
Performing docking (random seed: 1003) ... 
0%   10   20   30   40   50   60   70   80   90   100%
|----|----|----|----|----|----|----|----|----|----|
***************************************************

mode |   affinity | dist from best mode
     | (kcal/mol) | rmsd l.b.| rmsd u.b.
-----+------------+----------+----------
   1       -10.33          0          0
   2       -9.863      1.986      3.096
   3       -9.804      2.059      4.454
   4       -9.411      3.338      9.537
   5       -9.209      3.432       9.51
   6       -8.787      2.982      8.941
   7        -8.78      2.698      4.805
   8       -8.752      2.871      9.144
   9       -8.748      2.952      9.074
  10        -8.58      2.956      9.346
  11       -8.516      1.808      2.022
  12       -8.501        3.6       8.94
  13        -8.14      3.171      5.975
  14       -7.662      4.103      6.937
  15       -7.609      3.771      9.257
  16       -7.524      2.783      9.369
  17       -7.444       3.54      9.207
  18       -7.361      5.089      9.112
  19       -7.241      5.552      8.835
  20       -7.041      6.375      10.77
